08 09 0A 0B 0C FF